[09-Jul-2025 13:56:38 America/Vancouver] Name is required.
[09-Jul-2025 13:56:38 America/Vancouver] Input correct Email Address.
[09-Jul-2025 13:56:38 America/Vancouver] Input correct Phone.
[09-Jul-2025 13:56:38 America/Vancouver] Product Amount is required.
[09-Jul-2025 13:56:45 America/Vancouver] Email Address is required.
[09-Jul-2025 13:56:45 America/Vancouver] Phone is required.
[09-Jul-2025 13:56:45 America/Vancouver] Product Amount is required.
[09-Jul-2025 13:58:35 America/Vancouver] Email Address is required.
[09-Jul-2025 13:58:35 America/Vancouver] Phone is required.
[09-Jul-2025 13:58:35 America/Vancouver] Product Amount is required.
[09-Jul-2025 13:58:52 America/Vancouver] Input correct Phone.
[09-Jul-2025 13:58:52 America/Vancouver] Product Amount is required.
[09-Jul-2025 13:59:03 America/Vancouver] Input correct Phone.
[09-Jul-2025 13:59:03 America/Vancouver] Product Amount is required.
[09-Jul-2025 13:59:14 America/Vancouver] Input correct Phone.
[09-Jul-2025 13:59:14 America/Vancouver] Product Amount is required.
[09-Jul-2025 13:59:28 America/Vancouver] Input correct Phone.
[09-Jul-2025 13:59:28 America/Vancouver] Product Amount is required.
[09-Jul-2025 13:59:57 America/Vancouver] Input correct Phone.
[09-Jul-2025 13:59:57 America/Vancouver] Product Amount is required.
[09-Jul-2025 14:00:00 America/Vancouver] Input correct Phone.
[09-Jul-2025 14:00:00 America/Vancouver] Product Amount is required.
[09-Jul-2025 14:00:07 America/Vancouver] Input correct Phone.
[09-Jul-2025 14:00:07 America/Vancouver] Product Amount is required.
[09-Jul-2025 14:00:42 America/Vancouver] Input correct Phone.
[09-Jul-2025 14:03:33 America/Vancouver] Input correct Phone.
[09-Jul-2025 14:03:49 America/Vancouver] Input correct Phone.
[09-Jul-2025 14:07:52 America/Vancouver] Input correct Phone.
[09-Jul-2025 14:09:39 America/Vancouver] Input correct Phone.
[09-Jul-2025 14:13:43 America/Vancouver] Input correct Phone.
[09-Jul-2025 14:14:02 America/Vancouver] Input correct Phone.
[09-Jul-2025 14:14:24 America/Vancouver] Input correct Phone.
[09-Jul-2025 14:14:39 America/Vancouver] Input correct Phone.
[09-Jul-2025 14:14:41 America/Vancouver] Input correct Phone.
[09-Jul-2025 14:18:24 America/Vancouver] PHP Warning:  Undefined array key "phone" in C:\xampp\htdocs\demo\Order_Product-PHP\inc\Validate.class.php on line 40
[09-Jul-2025 14:18:24 America/Vancouver] PHP Warning:  Undefined array key "phoneNumber" in C:\xampp\htdocs\demo\Order_Product-PHP\inc\Page.class.php on line 124
[09-Jul-2025 14:21:52 America/Vancouver] Name is required.
[09-Jul-2025 14:21:52 America/Vancouver] Email Address is required.
[09-Jul-2025 14:21:52 America/Vancouver] Phone is required.
[09-Jul-2025 14:21:52 America/Vancouver] Product Amount is required.
[09-Jul-2025 14:22:02 America/Vancouver] Name is required.
[09-Jul-2025 14:22:02 America/Vancouver] Email Address is required.
[09-Jul-2025 14:22:02 America/Vancouver] Phone is required.
[09-Jul-2025 14:22:02 America/Vancouver] Product Amount is limited between 1 and 6
[09-Jul-2025 14:30:24 America/Vancouver] PHP Warning:  Undefined array key "values" in C:\xampp\htdocs\demo\Order_Product-PHP\inc\Page.class.php on line 56
[09-Jul-2025 14:30:24 America/Vancouver] PHP Warning:  Trying to access array offset on value of type null in C:\xampp\htdocs\demo\Order_Product-PHP\inc\Page.class.php on line 56
[09-Jul-2025 14:30:24 America/Vancouver] PHP Warning:  Undefined array key "values" in C:\xampp\htdocs\demo\Order_Product-PHP\inc\Page.class.php on line 57
[09-Jul-2025 14:30:24 America/Vancouver] PHP Warning:  Trying to access array offset on value of type null in C:\xampp\htdocs\demo\Order_Product-PHP\inc\Page.class.php on line 57
[09-Jul-2025 14:32:39 America/Vancouver] Name is required.
[09-Jul-2025 14:32:39 America/Vancouver] Email Address is required.
[09-Jul-2025 14:32:39 America/Vancouver] Phone is required.
[09-Jul-2025 14:32:39 America/Vancouver] Product Amount is required.
[09-Jul-2025 14:33:41 America/Vancouver] Name is required.
[09-Jul-2025 14:33:41 America/Vancouver] Email Address is required.
[09-Jul-2025 14:33:41 America/Vancouver] Phone is required.
[09-Jul-2025 14:33:41 America/Vancouver] Product Amount is required.
[09-Jul-2025 14:33:46 America/Vancouver] Name is required.
[09-Jul-2025 14:33:46 America/Vancouver] Email Address is required.
[09-Jul-2025 14:33:46 America/Vancouver] Phone is required.
[09-Jul-2025 14:33:46 America/Vancouver] Product Amount is required.
[09-Jul-2025 14:33:53 America/Vancouver] Name is required.
[09-Jul-2025 14:33:53 America/Vancouver] Email Address is required.
[09-Jul-2025 14:33:53 America/Vancouver] Phone is required.
[09-Jul-2025 14:33:53 America/Vancouver] Product Amount is required.
[09-Jul-2025 14:34:05 America/Vancouver] Name is required.
[09-Jul-2025 14:34:05 America/Vancouver] Email Address is required.
[09-Jul-2025 14:34:05 America/Vancouver] Phone is required.
[09-Jul-2025 14:34:05 America/Vancouver] Product Amount is required.
[09-Jul-2025 14:34:05 America/Vancouver] Gift Wrap is required.
